// Jest Snapshot v1, https://goo.gl/fbAQLP

exports[`PropertyInside should renders correctly 1`] = `
<div
  className="property__inside"
>
  <h2
    className="property__inside-title"
  >
    What's inside
  </h2>
  <ul
    className="property__inside-list"
  >
    <li
      className="property__inside-item"
    >
      First
    </li>
    <li
      className="property__inside-item"
    >
      Second
    </li>
    <li
      className="property__inside-item"
    >
      Third
    </li>
  </ul>
</div>
`;
